../Drivers/CMSIS/Include/core_cm3.h:1762:34:__NVIC_SystemReset	4	static,ignoring_inline_asm
../Core/Src/main.c:32:13:OLED_DrawLine	48	static
../Core/Src/main.c:241:5:main	72	static
../Core/Src/main.c:422:6:SystemClock_Config	88	static
../Core/Src/main.c:470:13:MX_ADC1_Init	24	static
../Core/Src/main.c:535:13:MX_I2C1_Init	8	static
../Core/Src/main.c:569:13:MX_IWDG_Init	8	static
../Core/Src/main.c:597:13:MX_TIM1_Init	32	static
../Core/Src/main.c:643:13:MX_TIM2_Init	48	static
../Core/Src/main.c:692:13:MX_TIM3_Init	64	static
../Core/Src/main.c:759:13:MX_USART1_UART_Init	8	static
../Core/Src/main.c:790:13:MX_DMA_Init	16	static
../Core/Src/main.c:808:13:MX_GPIO_Init	40	static
../Core/Src/main.c:879:13:Radar_DrawGrid	16	static
../Core/Src/main.c:894:13:Radar_DrawSweep	88	static
../Core/Src/main.c:928:13:OLED_ShowImageCentered	24	static
../Core/Src/main.c:938:6:hcsr04_measure_cm	32	static
../Core/Src/main.c:987:7:set_pwm_freq_duty	32	static
../Core/Src/main.c:1002:6:HAL_TIM_IC_CaptureCallback	32	static
../Core/Src/main.c:1036:6:Flash_Write_Word	48	static
../Core/Src/main.c:1076:10:Flash_Read_Word	16	static
../Core/Src/main.c:1084:6:calc_acceleration_ms2	24	static
../Core/Src/main.c:1090:6:adxl345_init	40	static
../Core/Src/main.c:1098:6:adxl345_read_xyz	48	static
../Core/Src/main.c:1107:7:measureCapacitance	72	static
../Core/Src/main.c:1152:6:IWDG_Init	8	static
../Core/Src/main.c:1169:6:HAL_GPIO_EXTI_Callback	32	static
../Core/Src/main.c:1186:6:HAL_UART_RxCpltCallback	16	static
../Core/Src/main.c:1206:6:HAL_ADC_ConvCpltCallback	40	static
../Core/Src/main.c:1213:7:adcToVoltage	16	static
../Core/Src/main.c:1219:6:command	944	static
../Core/Src/main.c:1844:6:servoSetAngle	40	static
../Core/Src/main.c:1861:6:Error_Handler	4	static,ignoring_inline_asm
